{'daily_revenue': [{'date': '2026-03-04', 'revenue': 55854.8},
                   {'date': '2026-03-05', 'revenue': 53730.6},
                   {'date': '2026-03-06', 'revenue': 39846.4},
                   {'date': '2026-03-07', 'revenue': 59882.9},
                   {'date': '2026-03-08', 'revenue': 65743.7},
                   {'date': '2026-03-09', 'revenue': 53125.9},
                   {'date': '2026-03-10', 'revenue': 0.0}],
 'dashboard_stats': {'active_staff': 4,
                     'menu_items': 8,
                     'orders_trend': -100.0,
                     'revenue_trend': Decimal('-100.0'),
                     'total_orders': 0,
                     'total_revenue': 0.0},
 'recent_orders': [{'created_at': '2026-03-10 16:08:23.875470',
                    'id': 'adfadb87-ecb4-43b5-9533-6473e03d6454',
                    'status': <OrderStatus.CANCELLED: 'cancelled'>},
                   {'created_at': '2026-03-10 15:58:48.755533',
                    'id': '8e817a30-3697-4175-a91d-24e81f53f3e0',
                    'status': <OrderStatus.CANCELLED: 'cancelled'>},
                   {'created_at': '2026-03-10 15:53:48.021534',
                    'id': '4ac3215a-0ddd-4d8f-b8c1-5b51e6de763e',
                    'status': <OrderStatus.CANCELLED: 'cancelled'>}],
 'restaurant_id': '86db63e1-8f3a-47c5-a8dd-d6a568ddd26c',
 'sales_report': {'average_order_value': 577.6599670510708,
                  'period': {'end': '2026-03-10T16:11:54.768140',
                             'start': '2026-03-03T16:11:54.768140'},
                  'total_orders': 607,
                  'total_sales': 350639.6},
 'total_orders': 7273,
 'user': 'admin'}